x8000c2s5b0n0 > HSA_XNACK=1 taskset -c 24-47,120-143 ./dynamic_memory 
--- Try 1
[        10000000] Seq CPU took 0.010 s [res: 0.00]
[        10000000] OMP CPU took 0.032 s [res: 0.00]
[        10000000] Direct GPU took 0.117 s [res: 0.00]
[        10000000] Repeat OMP CPU took 0.001 s + 0.001 s [res: -1.00]
[        10000000] Repeat GPU took 0.027 s + 0.000 s [res: -1.00]
[        10000000] CPU + GPU took 0.001 s + 0.011 s [res: -1.00]
[        10000000] 2x(CPU+GPU) took 0.001 s + 0.011 s + 0.001 s + 0.000 s [res: -1.20]
[      1000000000] Seq CPU took 1.014 s [res: 0.00]
[      1000000000] OMP CPU took 0.051 s [res: 0.00]
[      1000000000] Direct GPU took 1.828 s [res: 0.00]
[      1000000000] Repeat OMP CPU took 0.067 s + 0.027 s [res: -1.00]
[      1000000000] Repeat GPU took 1.836 s + 0.002 s [res: -1.00]
[      1000000000] CPU + GPU took 0.078 s + 1.029 s [res: -1.00]
[      1000000000] 2x(CPU+GPU) took 0.072 s + 1.025 s + 0.027 s + 0.002 s [res: -1.20]
--- Try 2
[        10000000] Seq CPU took 0.011 s [res: 0.00]
[        10000000] OMP CPU took 0.002 s [res: 0.00]
[        10000000] Direct GPU took 0.021 s [res: 0.00]
[        10000000] Repeat OMP CPU took 0.001 s + 0.001 s [res: -1.00]
[        10000000] Repeat GPU took 0.019 s + 0.000 s [res: -1.00]
[        10000000] CPU + GPU took 0.001 s + 0.011 s [res: -1.00]
[        10000000] 2x(CPU+GPU) took 0.001 s + 0.011 s + 0.001 s + 0.000 s [res: -1.20]
[      1000000000] Seq CPU took 1.026 s [res: 0.00]
[      1000000000] OMP CPU took 0.051 s [res: 0.00]
[      1000000000] Direct GPU took 1.828 s [res: 0.00]
[      1000000000] Repeat OMP CPU took 0.073 s + 0.027 s [res: -1.00]
[      1000000000] Repeat GPU took 1.828 s + 0.002 s [res: -1.00]
[      1000000000] CPU + GPU took 0.063 s + 1.021 s [res: -1.00]
[      1000000000] 2x(CPU+GPU) took 0.077 s + 1.023 s + 0.027 s + 0.002 s [res: -1.20]
