x8000c0s1b1n0 > taskset -c 24-47,120-143 ./wmma_simple_sgemm
Initializing host data...
Initializing device data...
Launching GEMM kernel...
BlkM, BlkN, BlkK, MatM, MatN, MatK, alpha, lda, ldb, beta, ldc, ldd, elapsedMs, Problem Size(GFlops), TFlops/s
16, 16, 16, 7168, 7168, 7168, 2, 7168, 7168, 2, 7168, 7168, 32.2989, 736.587, 22.8053
Finished!

x8000c0s1b1n0 > taskset -c 24-47,120-143 ./wmma_simple_hgemm
Initializing host data...
Initializing device data...
Launching GEMM kernel...
BlkM, BlkN, BlkK, MatM, MatN, MatK, alpha, lda, ldb, beta, ldc, ldd, elapsedMs, Problem Size(GFlops), TFlops/s
16, 16, 16, 7168, 7168, 7168, 2, 7168, 7168, 2, 7168, 7168, 28.6815, 736.587, 25.6816
Finished!

x8000c0s1b1n0 > taskset -c 24-47,120-143 ./wmma_perf_sgemm
Initializing host data...
Initializing device data...
Launching GEMM kernel...
gridDim (56 56) blockdim (128 2)
TBlockX, TBlockY, BlocksX, BlocksY, BlkM, BlkN, BlkK, MatM, MatN, MatK, alpha, lda, ldb, beta, ldc, ldd, elapsedMs, Problem Size(GFlops), TFlops/s
128, 2, 2, 2, 32, 32, 16, 7168, 7168, 7168, 2, 7168, 7168, 2, 7168, 7168, 48.1437, 736.587, 76.4988
Finished!

x8000c0s1b1n0 > taskset -c 24-47,120-143 ./wmma_perf_hgemm
Initializing host data...
Initializing device data...
Launching GEMM kernel...
gridDim (56 56) blockdim (128 2)
TBlockX, TBlockY, BlocksX, BlocksY, BlkM, BlkN, BlkK, MatM, MatN, MatK, alpha, lda, ldb, beta, ldc, ldd, elapsedMs, Problem Size(GFlops), TFlops/s
128, 2, 2, 2, 32, 32, 16, 7168, 7168, 7168, 2, 7168, 7168, 2, 7168, 7168, 12.8458, 736.587, 286.704
Finished!
