x8000c2s5b0n0 > taskset -c 24-47,120-143 ./center_matrix_cpu
[Naive    try 1] Small  ( 2794x 2794) on CPU: took 0.012 s [res: -0.00]
[Naive    try 2] Small  ( 2794x 2794) on CPU: took 0.014 s [res: -0.00]
[Nomalloc try 1] Small  ( 2794x 2794) on CPU: took 0.006 s [res: -0.00]
[Nomalloc try 2] Small  ( 2794x 2794) on CPU: took 0.001 s [res: -0.00]
[Tuned    try 1] Small  ( 2794x 2794) on CPU: took 0.004 s [res: -0.00]
[Tuned    try 2] Small  ( 2794x 2794) on CPU: took 0.001 s [res: -0.00]
[Naive    try 1] Medium ( 8382x 8382) on CPU: took 0.057 s [res: 0.00]
[Naive    try 2] Medium ( 8382x 8382) on CPU: took 0.053 s [res: 0.00]
[Nomalloc try 1] Medium ( 8382x 8382) on CPU: took 0.030 s [res: -0.00]
[Nomalloc try 2] Medium ( 8382x 8382) on CPU: took 0.023 s [res: -0.00]
[Tuned    try 1] Medium ( 8382x 8382) on CPU: took 0.025 s [res: -0.00]
[Tuned    try 2] Medium ( 8382x 8382) on CPU: took 0.018 s [res: -0.00]
[Naive    try 1] Large  (25145x25145) on CPU: took 0.323 s [res: -0.00]
[Naive    try 2] Large  (25145x25145) on CPU: took 0.300 s [res: -0.00]
[Nomalloc try 1] Large  (25145x25145) on CPU: took 0.142 s [res: 0.00]
[Nomalloc try 2] Large  (25145x25145) on CPU: took 0.109 s [res: 0.00]
[Tuned    try 1] Large  (25145x25145) on CPU: took 0.118 s [res: 0.00]
[Tuned    try 2] Large  (25145x25145) on CPU: took 0.084 s [res: 0.00]

x8000c2s5b0n0 > HSA_XNACK=1 taskset -c 24-47,120-143 ./center_matrix_gpu
[Naive    try 1] Small  ( 2794x 2794) on GPU: took 0.065 s [res: -0.00]
[Naive    try 2] Small  ( 2794x 2794) on GPU: took 0.058 s [res: -0.00]
[Nomalloc try 1] Small  ( 2794x 2794) on GPU: took 0.024 s [res: -0.00]
[Nomalloc try 2] Small  ( 2794x 2794) on GPU: took 0.001 s [res: -0.00]
[Tuned    try 1] Small  ( 2794x 2794) on GPU: took 0.011 s [res: -0.00]
[Tuned    try 2] Small  ( 2794x 2794) on GPU: took 0.002 s [res: -0.00]
[Naive    try 1] Medium ( 8382x 8382) on GPU: took 0.535 s [res: -0.00]
[Naive    try 2] Medium ( 8382x 8382) on GPU: took 0.566 s [res: -0.00]
[Nomalloc try 1] Medium ( 8382x 8382) on GPU: took 0.252 s [res: -0.00]
[Nomalloc try 2] Medium ( 8382x 8382) on GPU: took 0.004 s [res: -0.00]
[Tuned    try 1] Medium ( 8382x 8382) on GPU: took 0.120 s [res: -0.00]
[Tuned    try 2] Medium ( 8382x 8382) on GPU: took 0.010 s [res: -0.00]
[Naive    try 1] Large  (25145x25145) on GPU: took 4.956 s [res: 0.00]
[Naive    try 2] Large  (25145x25145) on GPU: took 4.991 s [res: 0.00]
[Nomalloc try 1] Large  (25145x25145) on GPU: took 2.288 s [res: 0.00]
[Nomalloc try 2] Large  (25145x25145) on GPU: took 0.018 s [res: 0.00]
[Tuned    try 1] Large  (25145x25145) on GPU: took 1.106 s [res: 0.00]
[Tuned    try 2] Large  (25145x25145) on GPU: took 0.070 s [res: 0.00]
