x8000c2s5b0n0 > taskset -c 24-47,120-143 ./cpp_ext_cpu
[   1000000 try 1] macro     C0 =  103.786 (took 0.020 s)
[   1000000 try 1] inline    C0 =  103.786 (took 0.020 s)
[   1000000 try 1] ext       C0 =  103.786 (took 0.050 s)
[   1000000 try 1] block     C0 =  103.786 (took 0.015 s)
[   1000000 try 1] ext block C0 =  103.786 (took 0.017 s)
[   1000000 try 2] macro     C0 =  103.786 (took 0.016 s)
[   1000000 try 2] inline    C0 =  103.786 (took 0.016 s)
[   1000000 try 2] ext       C0 =  103.786 (took 0.029 s)
[   1000000 try 2] block     C0 =  103.786 (took 0.012 s)
[   1000000 try 2] ext block C0 =  103.786 (took 0.012 s)
[ 100000000 try 1] macro     C0 =   94.972 (took 0.838 s)
[ 100000000 try 1] inline    C0 =   94.972 (took 0.809 s)
[ 100000000 try 1] ext       C0 =   94.972 (took 0.858 s)
[ 100000000 try 1] block     C0 =   94.972 (took 0.808 s)
[ 100000000 try 1] ext block C0 =   94.972 (took 0.808 s)
[ 100000000 try 2] macro     C0 =   94.972 (took 0.809 s)
[ 100000000 try 2] inline    C0 =   94.972 (took 0.809 s)
[ 100000000 try 2] ext       C0 =   94.972 (took 0.858 s)
[ 100000000 try 2] block     C0 =   94.972 (took 0.808 s)
[ 100000000 try 2] ext block C0 =   94.972 (took 0.808 s)

x8000c2s5b0n0 > HSA_XNACK=1 taskset -c 24-47,120-143 ./cpp_ext_gpu
[   1000000 try 1] macro     C0 =  103.786 (took 0.005 s)
[   1000000 try 1] inline    C0 =  103.786 (took 0.005 s)
[   1000000 try 1] ext       C0 =  103.786 (took 0.005 s)
[   1000000 try 1] block     C0 =  103.786 (took 0.020 s)
[   1000000 try 1] ext block C0 =  103.786 (took 0.020 s)
[   1000000 try 2] macro     C0 =  103.786 (took 0.005 s)
[   1000000 try 2] inline    C0 =  103.786 (took 0.005 s)
[   1000000 try 2] ext       C0 =  103.786 (took 0.005 s)
[   1000000 try 2] block     C0 =  103.786 (took 0.020 s)
[   1000000 try 2] ext block C0 =  103.786 (took 0.020 s)
[ 100000000 try 1] macro     C0 =   94.972 (took 0.103 s)
[ 100000000 try 1] inline    C0 =   94.972 (took 0.104 s)
[ 100000000 try 1] ext       C0 =   94.972 (took 0.111 s)
[ 100000000 try 1] block     C0 =   94.972 (took 2.215 s)
[ 100000000 try 1] ext block C0 =   94.972 (took 2.215 s)
[ 100000000 try 2] macro     C0 =   94.972 (took 0.103 s)
[ 100000000 try 2] inline    C0 =   94.972 (took 0.112 s)
[ 100000000 try 2] ext       C0 =   94.972 (took 0.108 s)
[ 100000000 try 2] block     C0 =   94.972 (took 2.215 s)
[ 100000000 try 2] ext block C0 =   94.972 (took 2.215 s)
