x8000c2s5b0n0 > taskset -c 24-47,120-143 ./omp_ext_cpu
[   1000000 try 1] macro     C0 =  103.786 (took 0.024 s)
[   1000000 try 1] inline    C0 =  103.786 (took 0.024 s)
[   1000000 try 1] ext       C0 =  103.786 (took 0.037 s)
[   1000000 try 1] block     C0 =  103.786 (took 0.015 s)
[   1000000 try 1] ext block C0 =  103.786 (took 0.014 s)
[   1000000 try 2] macro     C0 =  103.786 (took 0.015 s)
[   1000000 try 2] inline    C0 =  103.786 (took 0.015 s)
[   1000000 try 2] ext       C0 =  103.786 (took 0.030 s)
[   1000000 try 2] block     C0 =  103.786 (took 0.009 s)
[   1000000 try 2] ext block C0 =  103.786 (took 0.009 s)
[ 100000000 try 1] macro     C0 =   94.972 (took 0.825 s)
[ 100000000 try 1] inline    C0 =   94.972 (took 0.813 s)
[ 100000000 try 1] ext       C0 =   94.972 (took 0.860 s)
[ 100000000 try 1] block     C0 =   94.972 (took 0.813 s)
[ 100000000 try 1] ext block C0 =   94.972 (took 0.812 s)
[ 100000000 try 2] macro     C0 =   94.972 (took 0.813 s)
[ 100000000 try 2] inline    C0 =   94.972 (took 0.813 s)
[ 100000000 try 2] ext       C0 =   94.972 (took 0.858 s)
[ 100000000 try 2] block     C0 =   94.972 (took 0.812 s)
[ 100000000 try 2] ext block C0 =   94.972 (took 0.812 s)

x8000c2s5b0n0 > HSA_XNACK=1 taskset -c 24-47,120-143 ./omp_ext_gpu
[   1000000 try 1] macro     C0 =  103.786 (took 0.006 s)
[   1000000 try 1] inline    C0 =  103.786 (took 0.006 s)
[   1000000 try 1] ext       C0 =  103.786 (took 0.006 s)
[   1000000 try 1] block     C0 =  103.786 (took 0.020 s)
[   1000000 try 1] ext block C0 =  103.786 (took 0.020 s)
[   1000000 try 2] macro     C0 =  103.786 (took 0.006 s)
[   1000000 try 2] inline    C0 =  103.786 (took 0.006 s)
[   1000000 try 2] ext       C0 =  103.786 (took 0.006 s)
[   1000000 try 2] block     C0 =  103.786 (took 0.020 s)
[   1000000 try 2] ext block C0 =  103.786 (took 0.020 s)
[ 100000000 try 1] macro     C0 =   94.972 (took 0.103 s)
[ 100000000 try 1] inline    C0 =   94.972 (took 0.107 s)
[ 100000000 try 1] ext       C0 =   94.972 (took 0.102 s)
[ 100000000 try 1] block     C0 =   94.972 (took 2.213 s)
[ 100000000 try 1] ext block C0 =   94.972 (took 2.214 s)
[ 100000000 try 2] macro     C0 =   94.972 (took 0.103 s)
[ 100000000 try 2] inline    C0 =   94.972 (took 0.107 s)
[ 100000000 try 2] ext       C0 =   94.972 (took 0.102 s)
[ 100000000 try 2] block     C0 =   94.972 (took 2.214 s)
[ 100000000 try 2] ext block C0 =   94.972 (took 2.214 s)
